<?xml version="1.0" encoding="UTF-8" ?>
<testsuites name="vitest tests" tests="8" failures="1" errors="0" time="0.7777489">
    <testsuite name="src/components/ui/__tests__/Input.test.tsx" timestamp="2025-12-30T00:10:52.304Z" hostname="DESKTOP-DC4AO8Q" tests="8" failures="1" errors="0" skipped="0" time="0.7777489">
        <testcase classname="src/components/ui/__tests__/Input.test.tsx" name="Input Component &gt; should render input element" time="0.0447699">
        </testcase>
        <testcase classname="src/components/ui/__tests__/Input.test.tsx" name="Input Component &gt; should handle value changes" time="0.4040213">
        </testcase>
        <testcase classname="src/components/ui/__tests__/Input.test.tsx" name="Input Component &gt; should display controlled value" time="0.0077748">
        </testcase>
        <testcase classname="src/components/ui/__tests__/Input.test.tsx" name="Input Component &gt; should be disabled when disabled prop is true" time="0.0045221">
        </testcase>
        <testcase classname="src/components/ui/__tests__/Input.test.tsx" name="Input Component &gt; should accept different types" time="0.0247571">
        </testcase>
        <testcase classname="src/components/ui/__tests__/Input.test.tsx" name="Input Component &gt; should support className prop" time="0.0132974">
        </testcase>
        <testcase classname="src/components/ui/__tests__/Input.test.tsx" name="Input Component &gt; should handle focus and blur events" time="0.0309772">
            <failure message="expected &quot;vi.fn()&quot; to be called 1 times, but got 0 times" type="AssertionError">
AssertionError: expected &quot;vi.fn()&quot; to be called 1 times, but got 0 times
 Γ¥» src/components/ui/__tests__/Input.test.tsx:61:25
            </failure>
        </testcase>
        <testcase classname="src/components/ui/__tests__/Input.test.tsx" name="Input Component &gt; should support maxLength attribute" time="0.243123">
        </testcase>
    </testsuite>
</testsuites>
